  varied.txt            │  this is a longer line
                        │  short
                        │  another long line here
                        │ 
                        │~
                        │~
                        │~
                        │~
                        │~
                        │~
                        │~
                        │~
                        │~
                        │~
                        │~
                        │~
                        │~
                        │~
                        │~
                        │~
                        │~
                        │~
                        │~
                        │~
                        │~
                        │~
                        │~
                        │~
                        │~
                        │~
                        │~
                        │~
                        │~
                        │~
                        │~
                        │~
                        │~
                        │~
                        │  varied.txt 
                                                                                                      (secondary) L2:C6 