FsListDir	path=<TMPDIR>
FileOpen	path=<TMPDIR>/a.txt create_if_missing=true
GitScan	root=<TMPDIR>
FsFindFile	dir=<TMPDIR> prefix="" show_hidden=false
FsFindFile	dir=<TMPDIR> prefix="z" show_hidden=false
FsFindFile	dir=<TMPDIR> prefix="zz" show_hidden=false
FsFindFile	dir=<TMPDIR> prefix="zzz" show_hidden=false
FsFindFile	dir=<TMPDIR> prefix="zzzn" show_hidden=false
FsFindFile	dir=<TMPDIR> prefix="zzzno" show_hidden=false
FsFindFile	dir=<TMPDIR> prefix="zzznom" show_hidden=false
FsFindFile	dir=<TMPDIR> prefix="zzznoma" show_hidden=false
FsFindFile	dir=<TMPDIR> prefix="zzznomat" show_hidden=false
FsFindFile	dir=<TMPDIR> prefix="zzznomatc" show_hidden=false
FsFindFile	dir=<TMPDIR> prefix="zzznomatch" show_hidden=false
FsFindFile	dir=<TMPDIR> prefix="zzznomatchf" show_hidden=false
FsFindFile	dir=<TMPDIR> prefix="zzznomatchfi" show_hidden=false
FsFindFile	dir=<TMPDIR> prefix="zzznomatchfil" show_hidden=false
FsFindFile	dir=<TMPDIR> prefix="zzznomatchfile" show_hidden=false
FsFindFile	dir=<TMPDIR> prefix="zzznomatchfileq" show_hidden=false
FsFindFile	dir=<TMPDIR> prefix="zzznomatchfileqq" show_hidden=false
FsFindFile	dir=<TMPDIR> prefix="zzznomatchfileqqq" show_hidden=false
