  main.rs               │  use std::path::Path;
                        │  use std::collections::HashMap;
                        │  use std::fs;
                        │  
                        │  fn main() {}
                        │  
                        │~ 
                        │~ 
                        │~ 
                        │~ 
                        │~ 
                        │~ 
                        │~ 
                        │~ 
                        │~ 
                        │~ 
                        │~ 
                        │~ 
                        │~ 
                        │~ 
                        │~ 
                        │~ 
                        │~ 
                        │~ 
                        │~ 
                        │~ 
                        │~ 
                        │~ 
                        │~ 
                        │~ 
                        │~ 
                        │~ 
                        │~ 
                        │~ 
                        │~ 
                        │~ 
                        │~ 
                        │~ 
                        │  main.rs 
   <FAKE-LSP>                                                                    L1:C1 