  main.rs               │  use std::collections::HashMap;
                        │  use std::fs;                  
                        │  use std::path::Path;
                        │ 
                        │  fn main() {}
                        │ 
                        │~
                        │~
                        │~
                        │~
                        │~
                        │~
                        │~
                        │~
                        │~
                        │~
                        │~
                        │~
                        │~
                        │~
                        │~
                        │~
                        │~
                        │~
                        │~
                        │~
                        │~
                        │~
                        │~
                        │~
                        │~
                        │~
                        │~
                        │~
                        │~
                        │~
                        │~
                        │~
                        │ ●main.rs 
 Imports sorted                                                                                                   L1:C1 