  lines.txt             │  line one
                        │  line two
                        │  line three
                        │  line four
                        │  
                        │~ 
                        │~ 
                        │~ 
                        │~ 
                        │~ 
                        │~ 
                        │~ 
                        │~ 
                        │~ 
                        │~ 
                        │~ 
                        │~ 
                        │~ 
                        │~ 
                        │~ 
                        │~ 
                        │~ 
                        │~ 
                        │~ 
                        │~ 
                        │~ 
                        │~ 
                        │~ 
                        │~ 
                        │~ 
                        │~ 
                        │~ 
                        │~ 
                        │~ 
                        │~ 
                        │~ 
                        │~ 
                        │~ 
                        │  lines.txt 
                                                                                                                  L3:C4 