  hello                                                                                                         │
                                                                                                                │
~                                                                                                               │
~                                                                                                               │
~                                                                                                               │
~                                                                                                               │
~                                                                                                               │
~                                                                                                               │
~                                                                                                               │
~                                                                                                               │
~                                                                                                               │
~                                                                                                               │
~                                                                                                               │
~                                                                                                               │
~                                                                                                               │
~                                                                                                               │
~                                                                                                               │
~                                                                                                               │
~                                                                                                               │
~                                                                                                               │
~                                                                                                               │
~                                                                                                               │
~                                                                                                               │
~                                                                                                               │
~                                                                                                               │
~                                                                                                               │
~                                                                                                               │
~                                                                                                               │
~                                                                                                               │
~                                                                                                               │
~                                                                                                               │
~                                                                                                               │
~                                                                                                               │
~                                                                                                               │
~                                                                                                               │
~                                                                                                               │
~                                                                                                               │
~                                                                                                               │
  a.txt                          
                                                                                                                  L1:C1 