  a.txt                 │  beta  charlie   
  b.txt                 │ 
                        │~
                        │~
                        │~
                        │~
                        │~
                        │~
                        │~
                        │~
                        │~
                        │~
                        │~
                        │~
                        │~
                        │~
                        │~
                        │~
                        │~
                        │~
                        │~
                        │~
                        │~
                        │~
                        │~
                        │~
                        │~
                        │~
                        │~
                        │~
                        │~
                        │~
                        │~
                        │~
                        │~
                        │~
                        │~
                        │~
                        │ ●a.txt  ●b.txt 
 Replaced 3 occurrence(s)                                                                                         L1:C1 