  buffer.txt            │                
                        │  keep this line
                        │ 
                        │~
                        │~
                        │~
                        │~
                        │~
                        │~
                        │~
                        │~
                        │~
                        │~
                        │~
                        │~
                        │~
                        │~
                        │~
                        │~
                        │~
                        │~
                        │~
                        │~
                        │~
                        │~
                        │~
                        │~
                        │~
                        │~
                        │~
                        │~
                        │~
                        │~
                        │~
                        │~
                        │~
                        │~
                        │~
                        │ ●buffer.txt 
  ●                                                                                                   (secondary) L1:C1 