  buffer.txt            │  line one                                                                                     
                        │  line two
                        │  line three
                        │ 
                        │~
                        │~
                        │~
                        │~
                        │~
                        │~
                        │~
                        │~
                        │~
                        │~
                        │~
                        │~
                        │~
                        │~
                        │~
                        │~
                        │~
                        │~
                        │~
                        │~
                        │~
                        │~
                        │~
                        │~
                        │~
                        │~
                        │~
                        │~
                        │~
                        │~
                        │~
                        │~
                        │~
                        │~
                        │  buffer.txt 
 Mark set                                                                                             (secondary) L2:C1 