  main.rs               │  fn main() {                                                                        
                        │          
                        │  }
                        │  pr
                        │~    print!   
                        │~    println! 
                        │~    process  
                        │~
                        │~
                        │~
                        │~
                        │~
                        │~
                        │~
                        │~
                        │~
                        │~
                        │~
                        │~
                        │~
                        │~
                        │~
                        │~
                        │~
                        │~
                        │~
                        │~
                        │~
                        │~
                        │~
                        │~
                        │~
                        │~
                        │~
                        │~
                        │~
                        │~
                        │~
                        │ ●main.rs 
  ●  /Users/martin/dev/led-rewrite/target/debug/fake-lsp                                                          L4:C3 