  main.rs               │  fn main() {
                        │ 
                        │  }
                        │  pr
                        │~    print!   
                        │~    println! 
                        │~    process  
                        │~
                        │~
                        │~
                        │~
                        │~
                        │~
                        │~
                        │~
                        │~
                        │~
                        │~
                        │~
                        │~
                        │~
                        │~
                        │~
                        │~
                        │~
                        │~
                        │~
                        │~
                        │~
                        │~
                        │~
                        │~
                        │~
                        │~
                        │~
                        │~
                        │~
                        │~
                        │ ●main.rs 
 ● <FAKE-LSP> L4:C3 