FsListDir	path=<TMPDIR>
FileOpen	path=<TMPDIR>/main.rs create_if_missing=true
LspSend	server=fake-lsp kind=request method=initialize id=1
LspRecv	server=fake-lsp kind=response id=1
LspSend	server=fake-lsp kind=notification method=initialized
LspSend	server=fake-lsp kind=notification method=workspace/didChangeConfiguration
LspSend	server=fake-lsp kind=notification method=textDocument/didOpen path=file://<TMPDIR>/main.rs version=1
LspRecv	server=fake-lsp kind=notification method=textDocument/publishDiagnostics
LspRecv	server=fake-lsp kind=notification method=$/progress
LspRecv	server=fake-lsp kind=notification method=$/progress
GitScan	root=<TMPDIR>
WorkspaceFlushUndo	path=<TMPDIR>/main.rs chain=<CHAIN>
WorkspaceCheckSync	path=<TMPDIR>/main.rs
LspSend	server=fake-lsp kind=notification method=textDocument/didChange path=file://<TMPDIR>/main.rs version=2
LspSend	server=fake-lsp kind=notification method=textDocument/didChange path=file://<TMPDIR>/main.rs version=3
LspSend	server=fake-lsp kind=notification method=textDocument/didChange path=file://<TMPDIR>/main.rs version=4
LspSend	server=fake-lsp kind=notification method=textDocument/didChange path=file://<TMPDIR>/main.rs version=5
LspSend	server=fake-lsp kind=notification method=textDocument/didChange path=file://<TMPDIR>/main.rs version=6
LspSend	server=fake-lsp kind=notification method=textDocument/didChange path=file://<TMPDIR>/main.rs version=7
LspSend	server=fake-lsp kind=notification method=textDocument/didChange path=file://<TMPDIR>/main.rs version=8
LspSend	server=fake-lsp kind=notification method=textDocument/didChange path=file://<TMPDIR>/main.rs version=9
LspSend	server=fake-lsp kind=notification method=textDocument/didChange path=file://<TMPDIR>/main.rs version=10
LspSend	server=fake-lsp kind=notification method=textDocument/didChange path=file://<TMPDIR>/main.rs version=11
LspSend	server=fake-lsp kind=notification method=textDocument/didChange path=file://<TMPDIR>/main.rs version=12
LspSend	server=fake-lsp kind=notification method=textDocument/didChange path=file://<TMPDIR>/main.rs version=13
LspSend	server=fake-lsp kind=notification method=textDocument/didChange path=file://<TMPDIR>/main.rs version=14
LspSend	server=fake-lsp kind=notification method=textDocument/didChange path=file://<TMPDIR>/main.rs version=15
LspSend	server=fake-lsp kind=notification method=textDocument/didChange path=file://<TMPDIR>/main.rs version=16
LspSend	server=fake-lsp kind=notification method=textDocument/didChange path=file://<TMPDIR>/main.rs version=17
LspSend	server=fake-lsp kind=notification method=textDocument/didChange path=file://<TMPDIR>/main.rs version=18
LspSend	server=fake-lsp kind=notification method=textDocument/didChange path=file://<TMPDIR>/main.rs version=19
LspSend	server=fake-lsp kind=notification method=textDocument/didChange path=file://<TMPDIR>/main.rs version=20
LspSend	server=fake-lsp kind=notification method=textDocument/didChange path=file://<TMPDIR>/main.rs version=21
LspSend	server=fake-lsp kind=notification method=textDocument/didChange path=file://<TMPDIR>/main.rs version=22
WorkspaceFlushUndo	path=<TMPDIR>/main.rs chain=<CHAIN>
WorkspaceCheckSync	path=<TMPDIR>/main.rs
