 Aa   .*   =>           │  beta foo charlie
foo                     │                 
                        │~ 
a.txt                   │~ 
   1: alpha foo bravo   │~ 
   2: second foo line   │~ 
b.txt                   │~ 
   1: beta foo charlie  │~ 
                        │~ 
                        │~ 
                        │~ 
                        │~ 
                        │~ 
                        │~ 
                        │~ 
                        │~ 
                        │~ 
                        │~ 
                        │~ 
                        │~ 
                        │~ 
                        │~ 
                        │~ 
                        │~ 
                        │~ 
                        │~ 
                        │~ 
                        │~ 
                        │~ 
                        │~ 
                        │~ 
                        │~ 
                        │~ 
                        │~ 
                        │~ 
                        │~ 
                        │~ 
                        │~ 
                        │  a.txt   b.txt 
                                                                                                                  L1:C1 