  note01.txt            │  twelve
  note02.txt            │  
  note03.txt            │~ 
  note04.txt            │~ 
  note05.txt            │~ 
  note06.txt            │~ 
  note07.txt            │~ 
  note08.txt            │~ 
  note09.txt            │~ 
  note10.txt            │~ 
  note11.txt            │~ 
  note12.txt            │~ 
                        │~ 
                        │~ 
                        │~ 
                        │~ 
                        │~ 
                        │~ 
                        │~ 
                        │~ 
                        │~ 
                        │~ 
                        │~ 
                        │~ 
                        │~ 
                        │~ 
                        │~ 
                        │~ 
                        │~ 
                        │~ 
                        │~ 
                        │~ 
                        │~ 
                        │~ 
                        │~ 
                        │~ 
                        │~ 
                        │~ 
                        │  note06.txt   note07.txt   note08.txt   note09.txt   note10.txt   note11.txt   note12.txt 
 Find file: <TMPDIR>/note                          