  buffer.txt            │                  
                        │                  
                        │                 
                        │                  
                        │  
                        │  
                        │  
                        │  
                        │  
                        │  
                        │  
                        │  
                        │  
                        │  
                        │  
                        │  
                        │  
                        │  
                        │  
                        │  
                        │  
                        │  
                        │  
                        │  
                        │  
                        │  
                        │  
                        │  
                        │  
                        │  
                        │  
                        │  
                        │  
                        │  
                        │  
                        │  
                        │  
                        │  
                        │             
 Killed buffer.txt                                                                                                L1:C1 