  a.txt                 │  abcdefghijklmno
                        │         
                        │~        
                        │~        
                        │~        
                        │~        
                        │~        
                        │~        
                        │~        
                        │~        
                        │~        
                        │~        
                        │~        
                        │~        
                        │~        
                        │~        
                        │~        
                        │~        
                        │~        
                        │~        
                        │~        
                        │~        
                        │~        
                        │~        
                        │~        
                        │~        
                        │~        
                        │~        
                        │~        
                        │~        
                        │~        
                        │~        
                        │~        
                        │~        
                        │~        
                        │~        
                        │~        
                        │~        
                        │  a.txt 
                                                                                                                  L1:C1 