  buffer.txt            │  alpha beta gamma
                        │  second line here
                        │  third line text
                        │  fourth line more
                        │  
                        │~ 
                        │~ 
                        │~ 
                        │~ 
                        │~ 
                        │~ 
                        │~ 
                        │~ 
                        │~ 
                        │~ 
                        │~ 
                        │~ 
                        │~ 
                        │~ 
                        │~ 
                        │~ 
                        │~ 
                        │~ 
                        │~ 
                        │~ 
                        │~ 
                        │~ 
                        │~ 
                        │~ 
                        │~ 
                        │~ 
                        │~ 
                        │~ 
                        │~ 
                        │~ 
                        │~ 
                        │~ 
                        │~ 
                        │  buffer.txt 
 Defining kbd macro...                                                                                            L1:C1 