  draft.txt             │  first draft first second
                        │  
                        │~ 
                        │~ 
                        │~ 
                        │~ 
                        │~ 
                        │~ 
                        │~ 
                        │~ 
                        │~ 
                        │~ 
                        │~ 
                        │~ 
                        │~ 
                        │~ 
                        │~ 
                        │~ 
                        │~ 
                        │~ 
                        │~ 
                        │~ 
                        │~ 
                        │~ 
                        │~ 
                        │~ 
                        │~ 
                        │~ 
                        │~ 
                        │~ 
                        │~ 
                        │~ 
                        │~ 
                        │~ 
                        │~ 
                        │~ 
                        │~ 
                        │~ 
                        │ ●draft.txt 
 Saved draft.txt                                                                                                 L1:C25 