  notes.md              │  This is a really long paragraph that definitely exceeds the default target reflow column wid\
                        │  th and                                                                                       
                        │  should therefore be wrapped by the dprint-based reflow pass when ctrl+q is pressed with the \
                        │  cursor
                        │  on this line.
                        │  
                        │~ 
                        │~ 
                        │~ 
                        │~ 
                        │~ 
                        │~ 
                        │~ 
                        │~ 
                        │~ 
                        │~ 
                        │~ 
                        │~ 
                        │~ 
                        │~ 
                        │~ 
                        │~ 
                        │~ 
                        │~ 
                        │~ 
                        │~ 
                        │~ 
                        │~ 
                        │~ 
                        │~ 
                        │~ 
                        │~ 
                        │~ 
                        │~ 
                        │~ 
                        │~ 
                        │~ 
                        │~ 
                        │ ●notes.md 
  ●                                                                                                               L1:C1 