  a.txt                 │  hello
                        │ 
                        │~
                        │~
                        │~
                        │~
                        │~
                        │~
                        │~
                        │~
                        │~
                        │~
                        │~
                        │~
                        │~
                        │~
                        │~
                        │~
                        │~
                        │~
                        │~
                        │~
                        │~
                        │~
                        │~
                        │~
                        │~
                        │~
                        │~
                        │~
                        │~
                        │~
                        │~
                        │~
                        │~
                        │~
                        │~
                        │~
                        │  a.txt 
 Find file: <TMPDIR>/                              