FsListDir	path=<TMPDIR>
FileOpen	path=<TMPDIR>/main.rs create_if_missing=true
GitScan	root=<TMPDIR>
LspSend	server=fake-lsp kind=request method=initialize id=1
LspRecv	server=fake-lsp kind=response id=1
LspSend	server=fake-lsp kind=notification method=initialized
LspSend	server=fake-lsp kind=notification method=workspace/didChangeConfiguration
LspSend	server=fake-lsp kind=notification method=textDocument/didOpen path=file://<TMPDIR>/main.rs version=1
LspRecv	server=fake-lsp kind=notification method=$/progress
LspRecv	server=fake-lsp kind=notification method=$/progress
LspSend	server=fake-lsp kind=notification method=textDocument/didChange path=file://<TMPDIR>/main.rs version=2
LspSend	server=fake-lsp kind=notification method=textDocument/didChange path=file://<TMPDIR>/main.rs version=3
