  main.rs              •│  fn main() {
                        │ ●    let unused = 42;
                        │  }
                        │  
                        │~ 
                        │~ 
                        │~ 
                        │~ 
                        │~ 
                        │~ 
                        │~ 
                        │~ 
                        │~ 
                        │~ 
                        │~ 
                        │~ 
                        │~ 
                        │~ 
                        │~ 
                        │~ 
                        │~ 
                        │~ 
                        │~ 
                        │~ 
                        │~ 
                        │~ 
                        │~ 
                        │~ 
                        │~ 
                        │~ 
                        │~ 
                        │~ 
                        │~ 
                        │~ 
                        │~ 
                        │~ 
                        │~ 
                        │~ 
                        │  main.rs 
   /Users/martin/dev/led/target/debug/fake-lsp                                                                    L1:C1 