  main.rs              •│  fn main() {                          
                        │ ●    let  unused variable: `unused_b` 
                        │ ●    let unused_b = 2;
                        │  }
                        │ 
                        │~
                        │~
                        │~
                        │~
                        │~
                        │~
                        │~
                        │~
                        │~
                        │~
                        │~
                        │~
                        │~
                        │~
                        │~
                        │~
                        │~
                        │~
                        │~
                        │~
                        │~
                        │~
                        │~
                        │~
                        │~
                        │~
                        │~
                        │~
                        │~
                        │~
                        │~
                        │~
                        │~
                        │  main.rs 
 Jumped to Warning 2/2                                                                                            L3:C9 