  main.rs               │  fn main() {
                        │      let foobar = 1;
                        │      let _ = foobar;       
                        │  }
                        │ 
                        │~
                        │~
                        │~
                        │~
                        │~
                        │~
                        │~
                        │~
                        │~
                        │~
                        │~
                        │~
                        │~
                        │~
                        │~
                        │~
                        │~
                        │~
                        │~
                        │~
                        │~
                        │~
                        │~
                        │~
                        │~
                        │~
                        │~
                        │~
                        │~
                        │~
                        │~
                        │~
                        │~
                        │ ●main.rs 
 Renamed 2 occurrences in 1 file                                                                                 L2:C10 